INFO (2024-08-20 13:22:19,131): Логи сайта Pizzeria (Line: 22) [conftest.py]
