INFO (2024-08-20 13:09:41,584): Логи сайта Pizzeria (Line: 23) [conftest.py]
